2026-09-29 18:00:00.010 [INFO] [heartbeat-service] System heartbeat pulse OK. Active pods: 18/18. Memory utilization: 34.2%
2026-09-29 18:00:02.150 [INFO] [auth-service] Token introspection successful for subject=usr_991823 client=web-portal
2026-09-29 18:00:03.400 [INFO] [catalog-service] Catalog query category=laptops sort=popularity count=20 latency=18ms
2026-09-29 18:00:05.800 [INFO] [cache-proxy] Redis cache hit for key: item_details:laptop_x1_carbon ttl=320s
2026-09-29 18:00:08.120 [INFO] [api-gateway] GET /healthz 200 OK duration=2ms remote_addr=10.0.4.12
2026-09-29 18:00:10.500 [INFO] [cart-service] Item added to shopping cart user=usr_991823 sku=SKU_LAPTOP_X1 qty=1
2026-09-29 18:00:12.900 [INFO] [pricing-service] Price quote generated discount=5% final_total=$1299.00
2026-09-29 18:00:15.250 [INFO] [telemetry-agent] Flushed 140 metrics to Prometheus collector in 12ms
2026-09-29 18:00:18.010 [INFO] [recommendation-engine] Recommended items calculated cohort=TECH_ENTHUSIAST latency=24ms
2026-09-29 18:00:20.440 [INFO] [api-gateway] GET /api/v1/user/profile 200 OK duration=14ms
2026-09-29 18:00:22.700 [INFO] [search-service] Elasticsearch search query completed: took=11ms hits=42
2026-09-29 18:00:25.100 [INFO] [inventory-service] Inventory availability checked for sku=SKU_LAPTOP_X1 status=IN_STOCK qty=45
2026-09-29 18:00:28.300 [INFO] [payment-service] Ping to payment partner gateway successful latency=68ms
2026-09-29 18:00:30.010 [INFO] [heartbeat-service] System heartbeat pulse OK. Active pods: 18/18. Memory utilization: 34.5%
2026-09-29 18:00:32.400 [INFO] [api-gateway] GET /healthz 200 OK duration=1ms
2026-09-29 18:00:35.600 [INFO] [audit-logger] Event user_login_success logged to audit bucket region=us-east-1
2026-09-29 18:00:38.100 [INFO] [order-service] Read orders summary for user=usr_991823 count=3
2026-09-29 18:00:40.900 [INFO] [cache-proxy] Redis cache hit for key: user_settings:usr_991823
2026-09-29 18:00:45.000 [INFO] [session-cleaner] Expired session cleanup completed: 0 expired sessions found
2026-09-29 18:00:50.010 [INFO] [heartbeat-service] System heartbeat pulse OK. All 12 services healthy.
